// Jest Snapshot v1, https://goo.gl/fbAQLP

exports[`Login Page matches snapshot 1`] = `
<div>
  <div
    data-testid="mocked-login-form"
  >
    Mocked Login Form
  </div>
</div>
`;
